<html>
    <head>
        <meta charset="UTF-8" />
        <title>The Title</title>
    </head>
    <body>
        <header>
                    <nav>HEADER</nav>
    
        </header>
        
        <main>
        
        <div class="main">
            <div class="article">ARTICLE Epoch: 123456 </div>
        </div>

    
        </main>

        <footer>
            FOOTER STROM STRING
        </footer>
    </body>
</html>
